Building lexer...
Building parser...
Building module_checker...
✅ Module checker (compiled by parent)
Building type_checker...
✅ Parser (compiled by parent)
Building ffi...
Building effect_checker...
✅ FFI modules (compiled by parent)
✅ Type checker (compiled by parent)
Building sir_generator...
Building emitter...
✅ effect_checker modules compiled to object files
✅ emitter modules compiled to object files (TARGET=apple_silicon_mac)
✅ Lexer modules compiled to object files
❌ Compilation error: TypeError error at module:type_checker_core:239:53 [E2000]

Function 'parse_result_ok' not found in module 'type_interner'. It may not be exported, may not exist, or the module may not be imported.
See specification: spec:§6

<!-- SILICA-ERROR-METADATA
{
  "@context": "https://aalang.dev/silica-dev/error/",
  "errorCode": "E2000",
  "errorType": "error",
  "severity": "error",
  "location": {
    "file": "module:type_checker_core",
    "line": 239,
    "column": 53,
    "offset": 7595
  },
  "specification": {
    "section": "§6"
  },
}
-->
make[1]: [terms/terms.ll] Error 1 (ignored)
✅ sir_generator modules compiled to object files
❌ Compilation error: TypeError error at module:type_checker_core:239:53 [E2000]

Function 'parse_result_ok' not found in module 'type_interner'. It may not be exported, may not exist, or the module may not be imported.
See specification: spec:§6

<!-- SILICA-ERROR-METADATA
{
  "@context": "https://aalang.dev/silica-dev/error/",
  "errorCode": "E2000",
  "errorType": "error",
  "severity": "error",
  "location": {
    "file": "module:type_checker_core",
    "line": 239,
    "column": 53,
    "offset": 7595
  },
  "specification": {
    "section": "§6"
  },
}
-->
make: *** [type_checker/type_checker_callee_env.ll] Error 1
make: *** Waiting for unfinished jobs....
❌ Compilation error: TypeError error at type_checker/type_checker_core.silica:239:53 [E2000]

Function 'parse_result_ok' not found in module 'type_interner'. It may not be exported, may not exist, or the module may not be imported.
See specification: spec:§6

<!-- SILICA-ERROR-METADATA
{
  "@context": "https://aalang.dev/silica-dev/error/",
  "errorCode": "E2000",
  "errorType": "error",
  "severity": "error",
  "location": {
    "file": "type_checker/type_checker_core.silica",
    "line": 239,
    "column": 53,
    "offset": 7595
  },
  "specification": {
    "section": "§6"
  },
}
-->
make: *** [type_checker/type_checker_core.ll] Error 1
❌ Compilation error: TypeError error at module:type_checker_core:239:53 [E2000]

Function 'parse_result_ok' not found in module 'type_interner'. It may not be exported, may not exist, or the module may not be imported.
See specification: spec:§6

<!-- SILICA-ERROR-METADATA
{
  "@context": "https://aalang.dev/silica-dev/error/",
  "errorCode": "E2000",
  "errorType": "error",
  "severity": "error",
  "location": {
    "file": "module:type_checker_core",
    "line": 239,
    "column": 53,
    "offset": 7595
  },
  "specification": {
    "section": "§6"
  },
}
-->
make: *** [type_checker/type_checker_collections.ll] Error 1
❌ Compilation error: TypeError error at module:type_checker_core:239:53 [E2000]

Function 'parse_result_ok' not found in module 'type_interner'. It may not be exported, may not exist, or the module may not be imported.
See specification: spec:§6

<!-- SILICA-ERROR-METADATA
{
  "@context": "https://aalang.dev/silica-dev/error/",
  "errorCode": "E2000",
  "errorType": "error",
  "severity": "error",
  "location": {
    "file": "module:type_checker_core",
    "line": 239,
    "column": 53,
    "offset": 7595
  },
  "specification": {
    "section": "§6"
  },
}
-->
make: *** [type_checker/type_checker_failure_reporter.ll] Error 1
