Building lexer...
Building parser...
Building type_checker...
Building module_checker...
✅ Parser (compiled by parent)
Building ffi...
✅ Module checker (compiled by parent)
✅ Type checker (compiled by parent)
Building sir_generator...
✅ FFI modules (compiled by parent)
Building effect_checker...
Building emitter...
✅ effect_checker modules compiled to object files
✅ emitter modules compiled to object files (TARGET=apple_silicon_mac)
✅ Lexer modules compiled to object files
❌ Compilation error: TypeError error at type_checker/type_checker_callee_env.silica:422:29 [E2000]

BIND: Pattern declares type Named("ListSymbolEntry") (expanded: Record([("is_nil", Bool), ("head", Record([("name", String), ("type_name", String), ("type_id", Int64), ("declared_effects", Record([("is_nil", Bool), ("head", Record([("name", String), ("parameter", String), ("location", Record([("file", String), ("line", Int64), ("column", Int64), ("offset", Int64)]))])), ("tail", Named("ListEffectName"))])), ("is_effect_alias", Bool), ("source_module", String)])), ("tail", Named("ListSymbolEntry"))])) but value has type Record([("env", Record([("is_nil", Bool), ("head", Record([("name", String), ("type_name", String), ("type_id", Int64), ("declared_effects", Record([("is_nil", Bool), ("head", Record([("name", String), ("parameter", String), ("location", Record([("file", String), ("line", Int64), ("column", Int64), ("offset", Int64)]))])), ("tail", Named("ListEffectName"))])), ("is_effect_alias", Bool), ("source_module", String)])), ("tail", Named("ListSymbolEntry"))])), ("interner", Named("TypeInterner"))])
See specification: spec:§6

<!-- SILICA-ERROR-METADATA
{
  "@context": "https://aalang.dev/silica-dev/error/",
  "errorCode": "E2000",
  "errorType": "error",
  "severity": "error",
  "location": {
    "file": "type_checker/type_checker_callee_env.silica",
    "line": 422,
    "column": 29,
    "offset": 18345
  },
  "specification": {
    "section": "§6"
  },
}
-->
make: *** [type_checker/type_checker_callee_env.ll] Error 1
make: *** Waiting for unfinished jobs....
❌ Compilation error: TypeError error at <unknown>:0:0 [E2004]

Variable 'weight' shadows an existing binding. Variable shadowing is not allowed in Silica.
Suggestions:
  1. Rename variable 'weight' to avoid shadowing

See specification: spec:§6

<!-- SILICA-ERROR-METADATA
{
  "@context": "https://aalang.dev/silica-dev/error/",
  "errorCode": "E2004",
  "errorType": "error",
  "severity": "error",
  "location": {
    "file": "<unknown>",
    "line": 0,
    "column": 0,
    "offset": 0
  },
  "specification": {
    "section": "§6"
  },
  "suggestions": [{"description": "Rename variable 'weight' to avoid shadowing"}
  ],
}
-->
make: *** [type_checker/type_checker_collections.ll] Error 1
❌ Compilation error: TypeError error at module:type_checker_tuple_decompose_helpers:740:18 [E2000]

BIND: Pattern declares type Named("ListSymbolEntry") (expanded: Record([("is_nil", Bool), ("head", Record([("name", String), ("type_name", String), ("type_id", Int64), ("declared_effects", Record([("is_nil", Bool), ("head", Record([("name", String), ("parameter", String), ("location", Record([("file", String), ("line", Int64), ("column", Int64), ("offset", Int64)]))])), ("tail", Named("ListEffectName"))])), ("is_effect_alias", Bool), ("source_module", String)])), ("tail", Named("ListSymbolEntry"))])) but value has type Record([("env", Record([("is_nil", Bool), ("head", Record([("name", String), ("type_name", String), ("type_id", Int64), ("declared_effects", Record([("is_nil", Bool), ("head", Record([("name", String), ("parameter", String), ("location", Record([("file", String), ("line", Int64), ("column", Int64), ("offset", Int64)]))])), ("tail", Named("ListEffectName"))])), ("is_effect_alias", Bool), ("source_module", String)])), ("tail", Named("ListSymbolEntry"))])), ("interner", Named("TypeInterner"))])
See specification: spec:§6

<!-- SILICA-ERROR-METADATA
{
  "@context": "https://aalang.dev/silica-dev/error/",
  "errorCode": "E2000",
  "errorType": "error",
  "severity": "error",
  "location": {
    "file": "module:type_checker_tuple_decompose_helpers",
    "line": 740,
    "column": 18,
    "offset": 30384
  },
  "specification": {
    "section": "§6"
  },
}
-->
make[1]: [terms/terms.ll] Error 1 (ignored)
✅ sir_generator modules compiled to object files
