Building lexer...
Building parser...
Building type_checker...
Building module_checker...
✅ Type checker (compiled by parent)
✅ Parser (compiled by parent)
Building ffi...
Building effect_checker...
✅ Module checker (compiled by parent)
✅ FFI modules (compiled by parent)
Building sir_generator...
Building emitter...
✅ Lexer modules compiled to object files
✅ effect_checker modules compiled to object files
❌ Compilation error: CodegenError [E4000]: Module 'wbt_map' not found in search paths: [".", "..", "../lexer", "../parser", "../parser/declarations", "../parser/expressions", "../parser/patterns", "../parser/types", "../parser/effects", "../type_checker", "../type_checker/expressions", "../type_checker/traits", "../data_structures", "declarations", "terms", "types", "patterns", "effects", "../../stdlib"]
<!-- SILICA-ERROR-METADATA
{
  "@context": "https://aalang.dev/silica-dev/error/",
  "errorCode": "E4000",
  "errorType": "error",
  "severity": "error",
}
-->
make[1]: [terms/terms.ll] Error 1 (ignored)
✅ sir_generator modules compiled to object files
❌ Compilation error: TypeError error at <unknown>:0:0 [E2004]

Variable 'atom' shadows an existing binding. Variable shadowing is not allowed in Silica.
Suggestions:
  1. Rename variable 'atom' to avoid shadowing

See specification: spec:§6

<!-- SILICA-ERROR-METADATA
{
  "@context": "https://aalang.dev/silica-dev/error/",
  "errorCode": "E2004",
  "errorType": "error",
  "severity": "error",
  "location": {
    "file": "<unknown>",
    "line": 0,
    "column": 0,
    "offset": 0
  },
  "specification": {
    "section": "§6"
  },
  "suggestions": [{"description": "Rename variable 'atom' to avoid shadowing"}
  ],
}
-->
make: *** [parser/constraint_runner.ll] Error 1
make: *** Waiting for unfinished jobs....
❌ Compilation error: TypeError error at <unknown>:0:0 [E2004]

Variable 'atom' shadows an existing binding. Variable shadowing is not allowed in Silica.
Suggestions:
  1. Rename variable 'atom' to avoid shadowing

See specification: spec:§6

<!-- SILICA-ERROR-METADATA
{
  "@context": "https://aalang.dev/silica-dev/error/",
  "errorCode": "E2004",
  "errorType": "error",
  "severity": "error",
  "location": {
    "file": "<unknown>",
    "line": 0,
    "column": 0,
    "offset": 0
  },
  "specification": {
    "section": "§6"
  },
  "suggestions": [{"description": "Rename variable 'atom' to avoid shadowing"}
  ],
}
-->
make: *** [parser/parser_runner.ll] Error 1
✅ emitter modules compiled to object files (TARGET=apple_silicon_mac)
