Building module_checker...
Building lexer...
Building type_checker...
Building parser...
✅ Parser (compiled by parent)
✅ Module checker (compiled by parent)
Building ffi...
Building effect_checker...
✅ Type checker (compiled by parent)
Building sir_generator...
✅ FFI modules (compiled by parent)
✅ Lexer modules compiled to object files
Building emitter...
✅ effect_checker modules compiled to object files
✅ emitter modules compiled to object files (TARGET=apple_silicon_mac)
❌ Compilation error: ParseError error at module:terms:1468:165 [E1001]

Expected ';' after binding
Suggestions:
  1. Expected ';' after binding

See specification: spec:§3

<!-- SILICA-ERROR-METADATA
{
  "@context": "https://aalang.dev/silica-dev/error/",
  "errorCode": "E1001",
  "errorType": "error",
  "severity": "error",
  "location": {
    "file": "module:terms",
    "line": 1468,
    "column": 165,
    "offset": 84129
  },
  "specification": {
    "section": "§3"
  },
  "suggestions": [{"description": "Expected ';' after binding"}
  ],
}
-->
make[1]: [declarations/functions.ll] Error 1 (ignored)
❌ Compilation error: ParseError error at module:type_checker_tuple_decompose_helpers:1372:154 [E1001]

Expected pattern (found token: RightParen ')')
See specification: spec:§3

<!-- SILICA-ERROR-METADATA
{
  "@context": "https://aalang.dev/silica-dev/error/",
  "errorCode": "E1001",
  "errorType": "error",
  "severity": "error",
  "location": {
    "file": "module:type_checker_tuple_decompose_helpers",
    "line": 1372,
    "column": 154,
    "offset": 62823
  },
  "specification": {
    "section": "§3"
  },
}
-->
make[1]: [declarations/qualified_call_mangler.ll] Error 1 (ignored)
❌ Compilation error: ParseError error at terms/terms.silica:1468:165 [E1001]

Expected ';' after binding
Suggestions:
  1. Expected ';' after binding

See specification: spec:§3

<!-- SILICA-ERROR-METADATA
{
  "@context": "https://aalang.dev/silica-dev/error/",
  "errorCode": "E1001",
  "errorType": "error",
  "severity": "error",
  "location": {
    "file": "terms/terms.silica",
    "line": 1468,
    "column": 165,
    "offset": 84129
  },
  "specification": {
    "section": "§3"
  },
  "suggestions": [{"description": "Expected ';' after binding"}
  ],
}
-->
make[1]: [terms/terms.ll] Error 1 (ignored)
❌ Compilation error: ParseError error at module:type_checker_tuple_decompose_helpers:1372:154 [E1001]

Expected pattern (found token: RightParen ')')
See specification: spec:§3

<!-- SILICA-ERROR-METADATA
{
  "@context": "https://aalang.dev/silica-dev/error/",
  "errorCode": "E1001",
  "errorType": "error",
  "severity": "error",
  "location": {
    "file": "module:type_checker_tuple_decompose_helpers",
    "line": 1372,
    "column": 154,
    "offset": 62823
  },
  "specification": {
    "section": "§3"
  },
}
-->
make[1]: [terms/tuple_decompose.ll] Error 1 (ignored)
/opt/homebrew/opt/llvm/bin/llvm-as: declarations/functions.ll: error: Could not open input file: No such file or directory
make[1]: [declarations/functions.bc] Error 1 (ignored)
/opt/homebrew/opt/llvm/bin/llvm-as: declarations/qualified_call_mangler.ll: error: Could not open input file: No such file or directory
make[1]: [declarations/qualified_call_mangler.bc] Error 1 (ignored)
/opt/homebrew/opt/llvm/bin/llvm-as: terms/terms.ll: error: Could not open input file: No such file or directory
make[1]: [terms/terms.bc] Error 1 (ignored)
/opt/homebrew/opt/llvm/bin/llvm-as: terms/tuple_decompose.ll: error: Could not open input file: No such file or directory
make[1]: [terms/tuple_decompose.bc] Error 1 (ignored)
❌ Compilation error: TypeError error at <unknown>:0:0 [E2006]

Record field count mismatch: expected 2 fields, found 3
Expected: Record with 2 fields
Actual: Record with 3 fields

See specification: spec:§6.1

<!-- SILICA-ERROR-METADATA
{
  "@context": "https://aalang.dev/silica-dev/error/",
  "errorCode": "E2006",
  "errorType": "error",
  "severity": "error",
  "location": {
    "file": "<unknown>",
    "line": 0,
    "column": 0,
    "offset": 0
  },
  "specification": {
    "section": "§6.1"
  },
}
-->
make[1]: [terms/ordering_identity_calls.ll] Error 1 (ignored)
/opt/homebrew/opt/llvm/bin/llvm-as: terms/ordering_identity_calls.ll: error: Could not open input file: No such file or directory
make[1]: [terms/ordering_identity_calls.bc] Error 1 (ignored)
✅ sir_generator modules compiled to object files
❌ Compilation error: TypeError error at <unknown>:0:0 [E2006]

Record field count mismatch: expected 3 fields, found 2
Expected: Record with 3 fields
Actual: Record with 2 fields

See specification: spec:§6.1

<!-- SILICA-ERROR-METADATA
{
  "@context": "https://aalang.dev/silica-dev/error/",
  "errorCode": "E2006",
  "errorType": "error",
  "severity": "error",
  "location": {
    "file": "<unknown>",
    "line": 0,
    "column": 0,
    "offset": 0
  },
  "specification": {
    "section": "§6.1"
  },
}
-->
make: *** [type_checker/type_checker_callee_env.ll] Error 1
make: *** Waiting for unfinished jobs....
