Building lexer...
Building type_checker...
Building parser...
Building module_checker...
✅ Parser (compiled by parent)
✅ Module checker (compiled by parent)
✅ Type checker (compiled by parent)
Building effect_checker...
Building sir_generator...
Building ffi...
✅ FFI modules (compiled by parent)
Building emitter...
✅ effect_checker modules compiled to object files
✅ emitter modules compiled to object files (TARGET=apple_silicon_mac)
✅ Lexer modules compiled to object files
❌ Compilation error: TypeError error at module:type_checker_expressions:63:41 [E2000]

Function 'type_id_to_surface' not found in module 'type_checker_core'. It may not be exported, may not exist, or the module may not be imported.
See specification: spec:§6

<!-- SILICA-ERROR-METADATA
{
  "@context": "https://aalang.dev/silica-dev/error/",
  "errorCode": "E2000",
  "errorType": "error",
  "severity": "error",
  "location": {
    "file": "module:type_checker_expressions",
    "line": 63,
    "column": 41,
    "offset": 1658
  },
  "specification": {
    "section": "§6"
  },
}
-->
make[1]: [declarations/qualified_call_mangler.ll] Error 1 (ignored)
❌ Compilation error: TypeError error at module:type_checker_expressions:63:41 [E2000]

Function 'type_id_to_surface' not found in module 'type_checker_core'. It may not be exported, may not exist, or the module may not be imported.
See specification: spec:§6

<!-- SILICA-ERROR-METADATA
{
  "@context": "https://aalang.dev/silica-dev/error/",
  "errorCode": "E2000",
  "errorType": "error",
  "severity": "error",
  "location": {
    "file": "module:type_checker_expressions",
    "line": 63,
    "column": 41,
    "offset": 1658
  },
  "specification": {
    "section": "§6"
  },
}
-->
make[1]: [declarations/functions.ll] Error 1 (ignored)
/opt/homebrew/opt/llvm/bin/llvm-as: declarations/functions.ll: error: Could not open input file: No such file or directory
make[1]: [declarations/functions.bc] Error 1 (ignored)
/opt/homebrew/opt/llvm/bin/llvm-as: declarations/qualified_call_mangler.ll: error: Could not open input file: No such file or directory
make[1]: [declarations/qualified_call_mangler.bc] Error 1 (ignored)
/opt/homebrew/opt/llvm/bin/llvm-as: terms/ordering_identity_calls.ll:6565:81: error: expected value token
  call void @wbt_map.walk_search(i8* %sret_slot_6363, i8* %tree, i8* %key, i64* i64* %left)
                                                                                ^
make[1]: [terms/ordering_identity_calls.bc] Error 1 (ignored)
❌ Compilation error: TypeError error at <unknown>:0:0 [E2003]

Cannot unify types: Int64 and String
Expected: Int64
Actual: String

See specification: spec:§6.3

<!-- SILICA-ERROR-METADATA
{
  "@context": "https://aalang.dev/silica-dev/error/",
  "errorCode": "E2003",
  "errorType": "error",
  "severity": "error",
  "location": {
    "file": "<unknown>",
    "line": 0,
    "column": 0,
    "offset": 0
  },
  "specification": {
    "section": "§6.3"
  },
}
-->
make[1]: [terms/tuple_decompose.ll] Error 1 (ignored)
/opt/homebrew/opt/llvm/bin/llvm-as: terms/tuple_decompose.ll: error: Could not open input file: No such file or directory
make[1]: [terms/tuple_decompose.bc] Error 1 (ignored)
❌ Compilation error: TypeError error at module:type_checker_expressions:63:41 [E2000]

Function 'type_id_to_surface' not found in module 'type_checker_core'. It may not be exported, may not exist, or the module may not be imported.
See specification: spec:§6

<!-- SILICA-ERROR-METADATA
{
  "@context": "https://aalang.dev/silica-dev/error/",
  "errorCode": "E2000",
  "errorType": "error",
  "severity": "error",
  "location": {
    "file": "module:type_checker_expressions",
    "line": 63,
    "column": 41,
    "offset": 1658
  },
  "specification": {
    "section": "§6"
  },
}
-->
make[1]: [terms/terms.ll] Error 1 (ignored)
/opt/homebrew/opt/llvm/bin/llvm-as: terms/terms.ll: error: Could not open input file: No such file or directory
make[1]: [terms/terms.bc] Error 1 (ignored)
✅ sir_generator modules compiled to object files
❌ Compilation error: TypeError error at module:type_checker_expressions:63:41 [E2000]

Function 'type_id_to_surface' not found in module 'type_checker_core'. It may not be exported, may not exist, or the module may not be imported.
See specification: spec:§6

<!-- SILICA-ERROR-METADATA
{
  "@context": "https://aalang.dev/silica-dev/error/",
  "errorCode": "E2000",
  "errorType": "error",
  "severity": "error",
  "location": {
    "file": "module:type_checker_expressions",
    "line": 63,
    "column": 41,
    "offset": 1658
  },
  "specification": {
    "section": "§6"
  },
}
-->
make: *** [type_checker/type_checker_modules.ll] Error 1
make: *** Waiting for unfinished jobs....
❌ Compilation error: TypeError error at module:type_checker_expressions:63:41 [E2000]

Function 'type_id_to_surface' not found in module 'type_checker_core'. It may not be exported, may not exist, or the module may not be imported.
See specification: spec:§6

<!-- SILICA-ERROR-METADATA
{
  "@context": "https://aalang.dev/silica-dev/error/",
  "errorCode": "E2000",
  "errorType": "error",
  "severity": "error",
  "location": {
    "file": "module:type_checker_expressions",
    "line": 63,
    "column": 41,
    "offset": 1658
  },
  "specification": {
    "section": "§6"
  },
}
-->
make: *** [type_checker/type_checker_runner.ll] Error 1
❌ Compilation error: TypeError error at module:type_checker_expressions:63:41 [E2000]

Function 'type_id_to_surface' not found in module 'type_checker_core'. It may not be exported, may not exist, or the module may not be imported.
See specification: spec:§6

<!-- SILICA-ERROR-METADATA
{
  "@context": "https://aalang.dev/silica-dev/error/",
  "errorCode": "E2000",
  "errorType": "error",
  "severity": "error",
  "location": {
    "file": "module:type_checker_expressions",
    "line": 63,
    "column": 41,
    "offset": 1658
  },
  "specification": {
    "section": "§6"
  },
}
-->
make: *** [type_checker/declarations/type_checker_declarations_functions.ll] Error 1
